Left "Exit code 1: Error: is not in the password store.\n\n "