Right ("secret",[("Username","fred"),("silly","")])